============================= test session starts =============================
platform win32 -- Python 3.11.9, pytest-9.0.2, pluggy-1.6.0 -- C:\Users\Abdullah\AppData\Local\Programs\Python\Python311\python.exe
cachedir: .pytest_cache
rootdir: D:\University Projects\Agentic-Assignment-2-RAG
plugins: anyio-4.12.1
collecting ... collected 3 items

tests/test_acl.py::test_cross_tenant_block PASSED                        [ 33%]
tests/test_injection.py::test_injection_detected PASSED                  [ 66%]
tests/test_pii.py::test_pii_masking PASSED                               [100%]

============================== 3 passed in 0.10s ==============================
